A view match err 1.1102230246251565e-16
B view match err 0.0
C view match err 5.551115123125783e-17
D view match err 5.551115123125783e-17
C twist exact match err 1.1102230246251565e-16
D twist exact match err 1.963984530561902e-13
h2C found
stored values 232 max |d(60 digits) - d(160 digits)| = 2.931e-59
{'tube_Cref1': 23312, 'claims_Cref1': 1048, 'tube_Cref2': 23312, 'claims_Cref2': 1048, 'tube_Dref1': 22484, 'claims_Dref1': 1052, 'sec_A1': 3248, 'sec_A2': 3248, 'sec_B1': 2266, 'sec_C1': 2140, 'sec_D1': 2144}
{'tube_Cref1': 23312, 'claims_Cref1': 1048, 'tube_Cref2': 23312, 'claims_Cref2': 1048, 'tube_Dref1': 22484, 'claims_Dref1': 1052, 'sec_A1': 3248, 'sec_A2': 3248, 'sec_B1': 2266, 'sec_C1': 2140, 'sec_D1': 2144}
  tube_Cref1 identical
  claims_Cref1 identical
  tube_Cref2 identical
  claims_Cref2 identical
  tube_Dref1 identical
  claims_Dref1 identical
  sec_A1 identical
  sec_A2 identical
  sec_B1 identical
  sec_C1 identical
  sec_D1 identical
OK
