50014 True same_as_record 680 115
51895 True same_as_record 1 121
48091 True same_as_record 100 142
121892 True same_as_record 9 148
68446 True same_as_record 125 218
50954 True same_as_record 9 237
158442 True same_as_record 3 254
49595 True same_as_record 57 282
173176 True same_as_record 331 410
139532 True same_as_record 2 426
66210 True same_as_record 10 439
192235 True same_as_record 35 462
48748 True same_as_record 60 476
51506 True same_as_record 246 526
52343 True same_as_record 83 560
48434 True same_as_record 6 592
65971 True same_as_record 419 664
121653 True same_as_record 38 674
50879 True same_as_record 122 704
70192 True same_as_record 2 713
DONE
