50642 True same_as_record 2 2
68042 True same_as_record 40 17
155953 True same_as_record 225 147
138904 True same_as_record 20 161
52713 True same_as_record 2 165
68805 True same_as_record 9 184
51328 True same_as_record 12 202
192235 True same_as_record 35 224
68759 True same_as_record 8 244
209457 True same_as_record 14 253
69327 True same_as_record 1 256
50909 True same_as_record 7 267
69147 True same_as_record 896 390
69756 True same_as_record 83 427
51686 True same_as_record 10 435
192027 True same_as_record 73 456
32372 True same_as_record 2 464
35102 True same_as_record 3 478
66597 True same_as_record 41 493
120074 True same_as_record 1 519
DONE
