191265 True same_as_record 55 127
65522 True same_as_record 11 135
209906 True same_as_record 238 206
48777 True same_as_record 280 266
47881 True same_as_record 9 271
121444 True same_as_record 34 279
65895 True same_as_record 30 291
68071 True same_as_record 4 293
66807 True same_as_record 2 297
69757 True same_as_record 1 305
66417 True same_as_record 2 308
49804 True same_as_record 179 355
171073 True same_as_record 54 418
51059 True same_as_record 82 436
52342 True same_as_record 1 444
68445 True same_as_record 9 450
35102 True same_as_record 3 465
51433 True same_as_record 125 536
135194 True same_as_record 55 582
68491 True same_as_record 274 637
DONE
